\BOOKMARK [0][-]{chapter.1}{\376\377\000I\000n\000t\000r\000o\000d\000u\000z\000i\000o\000n\000e\000\040\000a\000l\000\040\000M\000a\000c\000h\000i\000n\000e\000\040\000L\000e\000a\000r\000n\000i\000n\000g}{}% 1
\BOOKMARK [1][-]{section.1.1}{\376\377\000D\000e\000f\000i\000n\000i\000z\000i\000o\000n\000e\000\040\000d\000i\000\040\000M\000a\000c\000h\000i\000n\000e\000\040\000L\000e\000a\000r\000n\000i\000n\000g}{chapter.1}% 2
\BOOKMARK [1][-]{section.1.2}{\376\377\000F\000a\000t\000t\000o\000r\000i\000\040\000a\000b\000i\000l\000i\000t\000a\000n\000t\000i\000\040\000d\000e\000l\000\040\000M\000a\000c\000h\000i\000n\000e\000\040\000L\000e\000a\000r\000n\000i\000n\000g}{chapter.1}% 3
\BOOKMARK [1][-]{section.1.3}{\376\377\000A\000p\000p\000l\000i\000c\000a\000z\000i\000o\000n\000i\000\040\000d\000e\000l\000\040\000M\000a\000c\000h\000i\000n\000e\000\040\000L\000e\000a\000r\000n\000i\000n\000g}{chapter.1}% 4
\BOOKMARK [1][-]{section.1.4}{\376\377\000C\000o\000s\040\031\000\350\000\040\000u\000n\000\040\000p\000r\000o\000b\000l\000e\000m\000a\000\040\000d\000i\000\040\000a\000p\000p\000r\000e\000n\000d\000i\000m\000e\000n\000t\000o}{chapter.1}% 5
\BOOKMARK [1][-]{section.1.5}{\376\377\000F\000u\000n\000z\000i\000o\000n\000e\000\040\000i\000d\000e\000a\000l\000e}{chapter.1}% 6
\BOOKMARK [1][-]{section.1.6}{\376\377\000F\000u\000n\000z\000i\000o\000n\000e\000\040\000v\000a\000l\000o\000r\000e}{chapter.1}% 7
\BOOKMARK [2][-]{subsection.1.6.1}{\376\377\000R\000a\000p\000p\000r\000e\000s\000e\000n\000t\000a\000z\000i\000o\000n\000e\000\040\000a\000p\000p\000r\000o\000s\000s\000i\000m\000a\000t\000a\000\040\000d\000e\000l\000l\000a\000\040\000f\000u\000n\000z\000i\000o\000n\000e\000\040\000v\000a\000l\000o\000r\000e}{section.1.6}% 8
\BOOKMARK [1][-]{section.1.7}{\376\377\000A\000l\000g\000o\000r\000i\000t\000m\000o\000\040\000d\000i\000\040\000a\000p\000p\000r\000e\000n\000d\000i\000m\000e\000n\000t\000o}{chapter.1}% 9
\BOOKMARK [1][-]{section.1.8}{\376\377\000F\000u\000n\000z\000i\000o\000n\000e\000\040\000o\000b\000i\000e\000t\000t\000i\000v\000o\000\040\000e\000\040\000r\000a\000p\000p\000r\000e\000s\000e\000n\000t\000a\000z\000i\000o\000n\000e}{chapter.1}% 10
\BOOKMARK [1][-]{section.1.9}{\376\377\000D\000a\000t\000a\000s\000e\000t\000\040\000e\000\040\000g\000e\000n\000e\000r\000a\000l\000i\000z\000z\000a\000z\000i\000o\000n\000e}{chapter.1}% 11
\BOOKMARK [1][-]{section.1.10}{\376\377\000T\000i\000p\000o\000l\000o\000g\000i\000e\000\040\000d\000i\000\040\000p\000r\000o\000b\000l\000e\000m\000i\000\040\000d\000i\000\040\000M\000a\000c\000h\000i\000n\000e\000\040\000L\000e\000a\000r\000n\000i\000n\000g}{chapter.1}% 12
\BOOKMARK [2][-]{subsection.1.10.1}{\376\377\000S\000u\000p\000e\000r\000v\000i\000s\000e\000d\000\040\000L\000e\000a\000r\000n\000i\000n\000g}{section.1.10}% 13
\BOOKMARK [2][-]{subsection.1.10.2}{\376\377\000U\000n\000s\000u\000p\000e\000r\000v\000i\000s\000e\000d\000\040\000L\000e\000a\000r\000n\000i\000n\000g}{section.1.10}% 14
\BOOKMARK [2][-]{subsection.1.10.3}{\376\377\000R\000e\000i\000n\000f\000o\000r\000c\000e\000m\000e\000n\000t\000\040\000L\000e\000a\000r\000n\000i\000n\000g}{section.1.10}% 15
\BOOKMARK [1][-]{section.1.11}{\376\377\000I\000p\000o\000t\000e\000s\000i\000\040\000e\000\040\000s\000p\000a\000z\000i\000o\000\040\000d\000e\000l\000l\000e\000\040\000i\000p\000o\000t\000e\000s\000i}{chapter.1}% 16
\BOOKMARK [1][-]{section.1.12}{\376\377\000C\000o\000n\000s\000i\000s\000t\000e\000n\000z\000a\000\040\000e\000\040\000V\000e\000r\000s\000i\000o\000n\000\040\000S\000p\000a\000c\000e}{chapter.1}% 17
\BOOKMARK [1][-]{section.1.13}{\376\377\000A\000l\000g\000o\000r\000i\000t\000m\000o\000\040\000L\000i\000s\000t\000-\000T\000h\000e\000n\000-\000E\000l\000i\000m\000i\000n\000a\000t\000e}{chapter.1}% 18
\BOOKMARK [2][-]{subsection.1.13.1}{\376\377\000O\000s\000s\000e\000r\000v\000a\000z\000i\000o\000n\000i}{section.1.13}% 19
\BOOKMARK [1][-]{section.1.14}{\376\377\000R\000a\000p\000p\000r\000e\000s\000e\000n\000t\000a\000z\000i\000o\000n\000e\000\040\000v\000s\000\040\000G\000e\000n\000e\000r\000a\000l\000i\000z\000z\000a\000z\000i\000o\000n\000e}{chapter.1}% 20
\BOOKMARK [1][-]{section.1.15}{\376\377\000D\000a\000t\000i\000\040\000r\000u\000m\000o\000r\000o\000s\000i}{chapter.1}% 21
\BOOKMARK [0][-]{chapter.2}{\376\377\000P\000e\000r\000f\000o\000r\000m\000a\000n\000c\000e\000\040\000E\000v\000a\000l\000u\000a\000t\000i\000o\000n}{}% 22
\BOOKMARK [1][-]{section.2.1}{\376\377\000I\000n\000t\000r\000o\000d\000u\000z\000i\000o\000n\000e\000\040\000a\000l\000l\000a\000\040\000v\000a\000l\000u\000t\000a\000z\000i\000o\000n\000e\000\040\000d\000e\000l\000l\000e\000\040\000p\000r\000e\000s\000t\000a\000z\000i\000o\000n\000i}{chapter.2}% 23
\BOOKMARK [1][-]{section.2.2}{\376\377\000E\000r\000r\000o\000r\000e\000\040\000v\000e\000r\000o\000\040\000e\000d\000\040\000e\000r\000r\000o\000r\000e\000\040\000c\000a\000m\000p\000i\000o\000n\000a\000r\000i\000o}{chapter.2}% 24
\BOOKMARK [2][-]{subsection.2.2.1}{\376\377\000E\000r\000r\000o\000r\000e\000\040\000v\000e\000r\000o}{section.2.2}% 25
\BOOKMARK [2][-]{subsection.2.2.2}{\376\377\000E\000r\000r\000o\000r\000e\000\040\000c\000a\000m\000p\000i\000o\000n\000a\000r\000i\000o}{section.2.2}% 26
\BOOKMARK [1][-]{section.2.3}{\376\377\000I\000n\000t\000e\000r\000v\000a\000l\000l\000i\000\040\000d\000i\000\040\000c\000o\000n\000f\000i\000d\000e\000n\000z\000a}{chapter.2}% 27
\BOOKMARK [1][-]{section.2.4}{\376\377\000S\000t\000i\000m\000a\000\040\000n\000o\000n\000\040\000d\000i\000s\000t\000o\000r\000t\000a\000\040\000e\000\040\000t\000r\000a\000d\000e\000-\000o\000f\000f\000\040\000t\000r\000a\000i\000n\000i\000n\000g\000/\000t\000e\000s\000t\000i\000n\000g}{chapter.2}% 28
\BOOKMARK [1][-]{section.2.5}{\376\377\000k\000-\000F\000o\000l\000d\000\040\000C\000r\000o\000s\000s\000\040\000V\000a\000l\000i\000d\000a\000t\000i\000o\000n}{chapter.2}% 29
\BOOKMARK [2][-]{subsection.2.5.1}{\376\377\000D\000e\000s\000c\000r\000i\000z\000i\000o\000n\000e\000\040\000d\000e\000l\000l\040\031\000a\000l\000g\000o\000r\000i\000t\000m\000o}{section.2.5}% 30
\BOOKMARK [1][-]{section.2.6}{\376\377\000O\000v\000e\000r\000f\000i\000t\000t\000i\000n\000g}{chapter.2}% 31
\BOOKMARK [1][-]{section.2.7}{\376\377\000M\000e\000t\000r\000i\000c\000h\000e\000\040\000d\000i\000\040\000v\000a\000l\000u\000t\000a\000z\000i\000o\000n\000e}{chapter.2}% 32
\BOOKMARK [2][-]{subsection.2.7.1}{\376\377\000L\000i\000m\000i\000t\000i\000\040\000d\000e\000l\000l\040\031\000a\000c\000c\000u\000r\000a\000t\000e\000z\000z\000a}{section.2.7}% 33
\BOOKMARK [2][-]{subsection.2.7.2}{\376\377\000P\000r\000e\000c\000i\000s\000i\000o\000n\000,\000\040\000R\000e\000c\000a\000l\000l\000\040\000e\000\040\000F\0001\000-\000s\000c\000o\000r\000e}{section.2.7}% 34
\BOOKMARK [2][-]{subsection.2.7.3}{\376\377\000M\000e\000t\000r\000i\000c\000h\000e\000\040\000d\000e\000r\000i\000v\000a\000t\000e\000\040\000e\000\040\000c\000u\000r\000v\000a\000\040\000R\000O\000C}{section.2.7}% 35
\BOOKMARK [2][-]{subsection.2.7.4}{\376\377\000D\000i\000p\000e\000n\000d\000e\000n\000z\000a\000\040\000d\000a\000l\000\040\000d\000o\000m\000i\000n\000i\000o\000\040\000a\000p\000p\000l\000i\000c\000a\000t\000i\000v\000o}{section.2.7}% 36
\BOOKMARK [2][-]{subsection.2.7.5}{\376\377\000M\000a\000t\000r\000i\000c\000e\000\040\000d\000i\000\040\000c\000o\000n\000f\000u\000s\000i\000o\000n\000e\000\040\000m\000u\000l\000t\000i\000-\000c\000l\000a\000s\000s\000e}{section.2.7}% 37
\BOOKMARK [1][-]{section.2.8}{\376\377\000M\000e\000t\000r\000i\000c\000h\000e\000\040\000d\000i\000\040\000v\000a\000l\000u\000t\000a\000z\000i\000o\000n\000e\000\040\000p\000e\000r\000\040\000l\000a\000\040\000r\000e\000g\000r\000e\000s\000s\000i\000o\000n\000e}{chapter.2}% 38
\BOOKMARK [2][-]{subsection.2.8.1}{\376\377\000M\000e\000t\000r\000i\000c\000h\000e\000\040\000p\000e\000r\000c\000e\000n\000t\000u\000a\000l\000i\000\040\000e\000\040\000c\000o\000e\000f\000f\000i\000c\000i\000e\000n\000t\000e\000\040\000d\000i\000\040\000d\000e\000t\000e\000r\000m\000i\000n\000a\000z\000i\000o\000n\000e}{section.2.8}% 39
\BOOKMARK [2][-]{subsection.2.8.2}{\376\377\000C\000r\000o\000s\000s\000-\000v\000a\000l\000i\000d\000a\000t\000i\000o\000n\000\040\000p\000e\000r\000\040\000l\000a\000\040\000r\000e\000g\000r\000e\000s\000s\000i\000o\000n\000e}{section.2.8}% 40
\BOOKMARK [0][-]{chapter.3}{\376\377\000D\000e\000c\000i\000s\000i\000o\000n\000\040\000T\000r\000e\000e}{}% 41
\BOOKMARK [1][-]{section.3.1}{\376\377\000D\000e\000f\000i\000n\000i\000z\000i\000o\000n\000e}{chapter.3}% 42
\BOOKMARK [2][-]{subsection.3.1.1}{\376\377\000S\000t\000r\000u\000t\000t\000u\000r\000a\000\040\000d\000e\000l\000\040\000D\000e\000c\000i\000s\000i\000o\000n\000\040\000T\000r\000e\000e}{section.3.1}% 43
\BOOKMARK [2][-]{subsection.3.1.2}{\376\377\000C\000a\000r\000a\000t\000t\000e\000r\000i\000s\000t\000i\000c\000h\000e\000\040\000p\000r\000i\000n\000c\000i\000p\000a\000l\000i}{section.3.1}% 44
\BOOKMARK [1][-]{section.3.2}{\376\377\000R\000e\000g\000o\000l\000e\000\040\000d\000i\000\040\000d\000e\000c\000i\000s\000i\000o\000n\000e}{chapter.3}% 45
\BOOKMARK [2][-]{subsection.3.2.1}{\376\377\000D\000e\000c\000i\000s\000i\000o\000n\000\040\000T\000r\000e\000e\000\040\000c\000o\000m\000e\000\040\000i\000n\000s\000i\000e\000m\000e\000\040\000d\000i\000\040\000r\000e\000g\000o\000l\000e}{section.3.2}% 46
\BOOKMARK [2][-]{subsection.3.2.2}{\376\377\000C\000o\000n\000v\000e\000r\000s\000i\000o\000n\000e\000\040\000d\000i\000\040\000u\000n\000\040\000d\000e\000c\000i\000s\000i\000o\000n\000\040\000t\000r\000e\000e\000\040\000i\000n\000\040\000r\000e\000g\000o\000l\000e}{section.3.2}% 47
\BOOKMARK [1][-]{section.3.3}{\376\377\000A\000l\000g\000o\000r\000i\000t\000m\000o\000\040\000I\000D\0003}{chapter.3}% 48
\BOOKMARK [2][-]{subsection.3.3.1}{\376\377\000C\000o\000s\000t\000r\000u\000z\000i\000o\000n\000e\000\040\000d\000e\000l\000\040\000d\000e\000c\000i\000s\000i\000o\000n\000\040\000t\000r\000e\000e}{section.3.3}% 49
\BOOKMARK [2][-]{subsection.3.3.2}{\376\377\000P\000r\000o\000p\000r\000i\000e\000t\000\340\000\040\000d\000e\000l\000l\040\031\000a\000l\000g\000o\000r\000i\000t\000m\000o\000\040\000I\000D\0003}{section.3.3}% 50
\BOOKMARK [2][-]{subsection.3.3.3}{\376\377\000I\000D\0003\000\040\000e\000\040\000r\000e\000g\000o\000l\000e\000\040\000d\000i\000\040\000d\000e\000c\000i\000s\000i\000o\000n\000e}{section.3.3}% 51
\BOOKMARK [1][-]{section.3.4}{\376\377\000E\000n\000t\000r\000o\000p\000i\000a\000\040\000e\000\040\000I\000n\000f\000o\000r\000m\000a\000t\000i\000o\000n\000\040\000G\000a\000i\000n}{chapter.3}% 52
\BOOKMARK [2][-]{subsection.3.4.1}{\376\377\000E\000n\000t\000r\000o\000p\000i\000a}{section.3.4}% 53
\BOOKMARK [2][-]{subsection.3.4.2}{\376\377\000I\000n\000f\000o\000r\000m\000a\000t\000i\000o\000n\000\040\000G\000a\000i\000n}{section.3.4}% 54
\BOOKMARK [2][-]{subsection.3.4.3}{\376\377\000S\000c\000h\000e\000m\000a\000\040\000o\000p\000e\000r\000a\000t\000i\000v\000o}{section.3.4}% 55
\BOOKMARK [1][-]{section.3.5}{\376\377\000O\000v\000e\000r\000f\000i\000t\000t\000i\000n\000g\000\040\000n\000e\000i\000\040\000D\000e\000c\000i\000s\000i\000o\000n\000\040\000T\000r\000e\000e}{chapter.3}% 56
\BOOKMARK [1][-]{section.3.6}{\376\377\000P\000r\000u\000n\000i\000n\000g}{chapter.3}% 57
\BOOKMARK [2][-]{subsection.3.6.1}{\376\377\000P\000r\000e\000-\000p\000r\000u\000n\000i\000n\000g}{section.3.6}% 58
\BOOKMARK [2][-]{subsection.3.6.2}{\376\377\000P\000o\000s\000t\000-\000p\000r\000u\000n\000i\000n\000g}{section.3.6}% 59
\BOOKMARK [1][-]{section.3.7}{\376\377\000R\000a\000n\000d\000o\000m\000\040\000F\000o\000r\000e\000s\000t}{chapter.3}% 60
\BOOKMARK [2][-]{subsection.3.7.1}{\376\377\000A\000g\000g\000r\000e\000g\000a\000z\000i\000o\000n\000e\000\040\000d\000e\000l\000l\000e\000\040\000p\000r\000e\000d\000i\000z\000i\000o\000n\000i}{section.3.7}% 61
\BOOKMARK [2][-]{subsection.3.7.2}{\376\377\000R\000i\000d\000u\000z\000i\000o\000n\000e\000\040\000d\000e\000l\000l\040\031\000o\000v\000e\000r\000f\000i\000t\000t\000i\000n\000g}{section.3.7}% 62
\BOOKMARK [0][-]{chapter.4}{\376\377\000B\000a\000y\000e\000s\000i\000a\000n\000\040\000L\000e\000a\000r\000n\000i\000n\000g}{}% 63
\BOOKMARK [1][-]{section.4.1}{\376\377\000M\000o\000t\000i\000v\000a\000z\000i\000o\000n\000e}{chapter.4}% 64
\BOOKMARK [1][-]{section.4.2}{\376\377\000C\000l\000a\000s\000s\000i\000f\000i\000c\000a\000z\000i\000o\000n\000e\000\040\000c\000o\000m\000e\000\040\000s\000t\000i\000m\000a\000\040\000p\000r\000o\000b\000a\000b\000i\000l\000i\000s\000t\000i\000c\000a}{chapter.4}% 65
\BOOKMARK [1][-]{section.4.3}{\376\377\000M\000L\000\040\000e\000\040\000M\000A\000P}{chapter.4}% 66
\BOOKMARK [2][-]{subsection.4.3.1}{\376\377\000M\000a\000x\000i\000m\000u\000m\000\040\000L\000i\000k\000e\000l\000i\000h\000o\000o\000d\000\040\000C\000l\000a\000s\000s\000i\000f\000i\000c\000a\000t\000i\000o\000n}{section.4.3}% 67
\BOOKMARK [2][-]{subsection.4.3.2}{\376\377\000M\000a\000x\000i\000m\000u\000m\000\040\000A\000\040\000P\000o\000s\000t\000e\000r\000i\000o\000r\000i\000\040\000C\000l\000a\000s\000s\000i\000f\000i\000c\000a\000t\000i\000o\000n}{section.4.3}% 68
\BOOKMARK [1][-]{section.4.4}{\376\377\000B\000a\000y\000e\000s\000\040\000O\000p\000t\000i\000m\000a\000l\000\040\000C\000l\000a\000s\000s\000i\000f\000i\000e\000r}{chapter.4}% 69
\BOOKMARK [1][-]{section.4.5}{\376\377\000N\000a\000i\000v\000e\000\040\000B\000a\000y\000e\000s\000\040\000C\000l\000a\000s\000s\000i\000f\000i\000e\000r}{chapter.4}% 70
\BOOKMARK [2][-]{subsection.4.5.1}{\376\377\000D\000e\000f\000i\000n\000i\000z\000i\000o\000n\000e}{section.4.5}% 71
\BOOKMARK [2][-]{subsection.4.5.2}{\376\377\000F\000o\000r\000m\000u\000l\000a\000z\000i\000o\000n\000e\000\040\000f\000o\000r\000m\000a\000l\000e}{section.4.5}% 72
\BOOKMARK [2][-]{subsection.4.5.3}{\376\377\000S\000t\000i\000m\000a\000\040\000d\000e\000l\000l\000e\000\040\000p\000r\000o\000b\000a\000b\000i\000l\000i\000t\000\340}{section.4.5}% 73
\BOOKMARK [0][-]{chapter.5}{\376\377\000P\000r\000o\000b\000a\000b\000i\000l\000i\000s\000t\000i\000c\000\040\000M\000o\000d\000e\000l\000s\000\040\000f\000o\000r\000\040\000C\000l\000a\000s\000s\000i\000f\000i\000c\000a\000t\000i\000o\000n}{}% 74
\BOOKMARK [1][-]{section.5.1}{\376\377\000M\000o\000d\000e\000l\000l\000i\000\040\000p\000r\000o\000b\000a\000b\000i\000l\000i\000s\000t\000i\000c\000i\000\040\000g\000e\000n\000e\000r\000a\000t\000i\000v\000i}{chapter.5}% 75
\BOOKMARK [2][-]{subsection.5.1.1}{\376\377\000C\000a\000s\000o\000\040\000g\000a\000u\000s\000s\000i\000a\000n\000o\000\040\000c\000o\000n\000\040\000c\000o\000v\000a\000r\000i\000a\000n\000z\000a\000\040\000c\000o\000n\000d\000i\000v\000i\000s\000a}{section.5.1}% 76
\BOOKMARK [2][-]{subsection.5.1.2}{\376\377\000S\000t\000i\000m\000a\000\040\000d\000e\000i\000\040\000p\000a\000r\000a\000m\000e\000t\000r\000i\000\040\000t\000r\000a\000m\000i\000t\000e\000\040\000M\000a\000x\000i\000m\000u\000m\000\040\000L\000i\000k\000e\000l\000i\000h\000o\000o\000d}{section.5.1}% 77
\BOOKMARK [2][-]{subsection.5.1.3}{\376\377\000E\000s\000t\000e\000n\000s\000i\000o\000n\000e\000\040\000a\000\040\000K\000\040\000c\000l\000a\000s\000s\000i}{section.5.1}% 78
\BOOKMARK [2][-]{subsection.5.1.4}{\376\377\000G\000a\000u\000s\000s\000i\000a\000n\000\040\000N\000a\000i\000v\000e\000\040\000B\000a\000y\000e\000s}{section.5.1}% 79
\BOOKMARK [1][-]{section.5.2}{\376\377\000M\000o\000d\000e\000l\000l\000i\000\040\000p\000r\000o\000b\000a\000b\000i\000l\000i\000s\000t\000i\000c\000i\000\040\000d\000i\000s\000c\000r\000i\000m\000i\000n\000a\000t\000i\000v\000i}{chapter.5}% 80
\BOOKMARK [2][-]{subsection.5.2.1}{\376\377\000L\000o\000g\000i\000s\000t\000i\000c\000\040\000R\000e\000g\000r\000e\000s\000s\000i\000o\000n}{section.5.2}% 81
\BOOKMARK [2][-]{subsection.5.2.2}{\376\377\000R\000e\000g\000r\000e\000s\000s\000i\000o\000n\000e\000\040\000l\000o\000g\000i\000s\000t\000i\000c\000a\000\040\000m\000u\000l\000t\000i\000-\000c\000l\000a\000s\000s\000e}{section.5.2}% 82
\BOOKMARK [2][-]{subsection.5.2.3}{\376\377\000G\000e\000n\000e\000r\000a\000l\000i\000z\000z\000a\000z\000i\000o\000n\000e\000\040\000e\000\040\000s\000p\000a\000z\000i\000o\000\040\000d\000e\000l\000l\000e\000\040\000f\000e\000a\000t\000u\000r\000e}{section.5.2}% 83
\BOOKMARK [1][-]{section.5.3}{\376\377\000R\000I\000E\000P\000I\000L\000O\000G\000O}{chapter.5}% 84
\BOOKMARK [0][-]{chapter.6}{\376\377\000M\000o\000d\000e\000l\000l\000i\000\040\000l\000i\000n\000e\000a\000r\000i\000\040\000p\000e\000r\000\040\000l\000a\000\040\000c\000l\000a\000s\000s\000i\000f\000i\000c\000a\000z\000i\000o\000n\000e}{}% 85
\BOOKMARK [1][-]{section.6.1}{\376\377\000D\000a\000t\000i\000\040\000l\000i\000n\000e\000a\000r\000m\000e\000n\000t\000e\000\040\000s\000e\000p\000a\000r\000a\000b\000i\000l\000i}{chapter.6}% 86
\BOOKMARK [2][-]{subsection.6.1.1}{\376\377\000D\000a\000t\000i\000\040\000n\000o\000n\000\040\000l\000i\000n\000e\000a\000r\000m\000e\000n\000t\000e\000\040\000s\000e\000p\000a\000r\000a\000b\000i\000l\000i}{section.6.1}% 87
\BOOKMARK [1][-]{section.6.2}{\376\377\000L\000i\000n\000e\000a\000r\000\040\000D\000i\000s\000c\000r\000i\000m\000i\000n\000a\000n\000t\000\040\000F\000u\000n\000c\000t\000i\000o\000n}{chapter.6}% 88
\BOOKMARK [2][-]{subsection.6.2.1}{\376\377\000R\000e\000g\000o\000l\000a\000\040\000d\000i\000\040\000d\000e\000c\000i\000s\000i\000o\000n\000e}{section.6.2}% 89
\BOOKMARK [1][-]{section.6.3}{\376\377\000L\000e\000a\000r\000n\000i\000n\000g\000\040\000d\000i\000\040\000f\000u\000n\000z\000i\000o\000n\000i\000\040\000d\000i\000s\000c\000r\000i\000m\000i\000n\000a\000n\000t\000i\000\040\000l\000i\000n\000e\000a\000r\000i}{chapter.6}% 90
\BOOKMARK [1][-]{section.6.4}{\376\377\000L\000e\000a\000s\000t\000\040\000S\000q\000u\000a\000r\000e\000s\000\040\000p\000e\000r\000\040\000l\000a\000\040\000c\000l\000a\000s\000s\000i\000f\000i\000c\000a\000z\000i\000o\000n\000e}{chapter.6}% 91
\BOOKMARK [2][-]{subsection.6.4.1}{\376\377\000D\000e\000f\000i\000n\000i\000z\000i\000o\000n\000e\000\040\000d\000e\000l\000\040\000p\000r\000o\000b\000l\000e\000m\000a}{section.6.4}% 92
\BOOKMARK [2][-]{subsection.6.4.2}{\376\377\000F\000u\000n\000z\000i\000o\000n\000e\000\040\000d\000i\000\040\000c\000o\000s\000t\000o}{section.6.4}% 93
\BOOKMARK [2][-]{subsection.6.4.3}{\376\377\000S\000o\000l\000u\000z\000i\000o\000n\000e\000\040\000o\000t\000t\000i\000m\000a}{section.6.4}% 94
\BOOKMARK [2][-]{subsection.6.4.4}{\376\377\000R\000e\000g\000o\000l\000a\000\040\000d\000i\000\040\000c\000l\000a\000s\000s\000i\000f\000i\000c\000a\000z\000i\000o\000n\000e}{section.6.4}% 95
\BOOKMARK [2][-]{subsection.6.4.5}{\376\377\000S\000e\000n\000s\000i\000b\000i\000l\000i\000t\000\340\000\040\000a\000g\000l\000i\000\040\000o\000u\000t\000l\000i\000e\000r}{section.6.4}% 96
\BOOKMARK [1][-]{section.6.5}{\376\377\000P\000e\000r\000c\000e\000p\000t\000r\000o\000n}{chapter.6}% 97
\BOOKMARK [2][-]{subsection.6.5.1}{\376\377\000D\000e\000f\000i\000n\000i\000z\000i\000o\000n\000e\000\040\000d\000e\000l\000\040\000p\000r\000o\000b\000l\000e\000m\000a}{section.6.5}% 98
\BOOKMARK [2][-]{subsection.6.5.2}{\376\377\000M\000o\000d\000e\000l\000l\000o\000\040\000d\000e\000l\000\040\000P\000e\000r\000c\000e\000p\000t\000r\000o\000n}{section.6.5}% 99
\BOOKMARK [2][-]{subsection.6.5.3}{\376\377\000P\000e\000r\000c\000e\000p\000t\000r\000o\000n\000\040\000L\000e\000a\000r\000n\000i\000n\000g\000\040\000R\000u\000l\000e}{section.6.5}% 100
\BOOKMARK [2][-]{subsection.6.5.4}{\376\377\000A\000l\000g\000o\000r\000i\000t\000m\000o\000\040\000d\000e\000l\000\040\000P\000e\000r\000c\000e\000p\000t\000r\000o\000n}{section.6.5}% 101
\BOOKMARK [2][-]{subsection.6.5.5}{\376\377\000I\000n\000t\000e\000r\000p\000r\000e\000t\000a\000z\000i\000o\000n\000e\000\040\000n\000e\000u\000r\000a\000l\000e}{section.6.5}% 102
\BOOKMARK [1][-]{section.6.6}{\376\377\000F\000i\000s\000h\000e\000r\000'\000s\000\040\000L\000i\000n\000e\000a\000r\000\040\000D\000i\000s\000c\000r\000i\000m\000i\000n\000a\000n\000t}{chapter.6}% 103
\BOOKMARK [2][-]{subsection.6.6.1}{\376\377\000M\000e\000d\000i\000e\000\040\000d\000e\000l\000l\000e\000\040\000c\000l\000a\000s\000s\000i}{section.6.6}% 104
\BOOKMARK [2][-]{subsection.6.6.2}{\376\377\000V\000a\000r\000i\000a\000n\000z\000a\000\040\000i\000n\000t\000r\000a\000-\000c\000l\000a\000s\000s\000e}{section.6.6}% 105
\BOOKMARK [2][-]{subsection.6.6.3}{\376\377\000C\000r\000i\000t\000e\000r\000i\000o\000\040\000d\000i\000\040\000F\000i\000s\000h\000e\000r}{section.6.6}% 106
\BOOKMARK [1][-]{section.6.7}{\376\377\000S\000u\000p\000p\000o\000r\000t\000\040\000V\000e\000c\000t\000o\000r\000\040\000M\000a\000c\000h\000i\000n\000e}{chapter.6}% 107
\BOOKMARK [2][-]{subsection.6.7.1}{\376\377\000F\000o\000r\000m\000u\000l\000a\000z\000i\000o\000n\000e\000\040\000f\000o\000r\000m\000a\000l\000e}{section.6.7}% 108
\BOOKMARK [2][-]{subsection.6.7.2}{\376\377\000S\000o\000f\000t\000-\000M\000a\000r\000g\000i\000n\000\040\000S\000u\000p\000p\000o\000r\000t\000\040\000V\000e\000c\000t\000o\000r\000\040\000M\000a\000c\000h\000i\000n\000e}{section.6.7}% 109
\BOOKMARK [2][-]{subsection.6.7.3}{\376\377\000I\000n\000t\000e\000r\000p\000r\000e\000t\000a\000z\000i\000o\000n\000e\000\040\000g\000e\000o\000m\000e\000t\000r\000i\000c\000a}{section.6.7}% 110
\BOOKMARK [2][-]{subsection.6.7.4}{\376\377\000B\000a\000s\000i\000s\000\040\000F\000u\000n\000c\000t\000i\000o\000n\000s\000\040\000e\000\040\000s\000e\000p\000a\000r\000a\000z\000i\000o\000n\000e\000\040\000n\000o\000n\000\040\000l\000i\000n\000e\000a\000r\000e}{section.6.7}% 111
\BOOKMARK [1][-]{section.6.8}{\376\377\000R\000I\000E\000P\000I\000L\000O\000G\000O}{chapter.6}% 112
\BOOKMARK [0][-]{chapter.7}{\376\377\000L\000i\000n\000e\000a\000r\000\040\000M\000o\000d\000e\000l\000s\000\040\000f\000o\000r\000\040\000R\000e\000g\000r\000e\000s\000s\000i\000o\000n}{}% 113
\BOOKMARK [1][-]{section.7.1}{\376\377\000M\000o\000d\000e\000l\000l\000i\000\040\000l\000i\000n\000e\000a\000r\000i\000\040\000p\000e\000r\000\040\000f\000u\000n\000z\000i\000o\000n\000i\000\040\000l\000i\000n\000e\000a\000r\000i}{chapter.7}% 114
\BOOKMARK [1][-]{section.7.2}{\376\377\000M\000o\000d\000e\000l\000l\000i\000\040\000l\000i\000n\000e\000a\000r\000i\000\040\000c\000o\000n\000\040\000b\000a\000s\000i\000s\000\040\000f\000u\000n\000c\000t\000i\000o\000n\000s}{chapter.7}% 115
\BOOKMARK [1][-]{section.7.3}{\376\377\000S\000t\000i\000m\000a\000\040\000d\000e\000i\000\040\000p\000a\000r\000a\000m\000e\000t\000r\000i\000:\000\040\000m\000a\000s\000s\000i\000m\000a\000\040\000v\000e\000r\000o\000s\000i\000m\000i\000g\000l\000i\000a\000n\000z\000a\000\040\000e\000\040\000m\000i\000n\000i\000m\000i\000\040\000q\000u\000a\000d\000r\000a\000t\000i}{chapter.7}% 116
\BOOKMARK [1][-]{section.7.4}{\376\377\000A\000p\000p\000r\000e\000n\000d\000i\000m\000e\000n\000t\000o\000\040\000s\000e\000q\000u\000e\000n\000z\000i\000a\000l\000e}{chapter.7}% 117
\BOOKMARK [2][-]{subsection.7.4.1}{\376\377\000R\000e\000g\000o\000l\000a\000r\000i\000z\000z\000a\000z\000i\000o\000n\000e}{section.7.4}% 118
\BOOKMARK [2][-]{subsection.7.4.2}{\376\377\000R\000e\000g\000r\000e\000s\000s\000i\000o\000n\000e\000\040\000c\000o\000n\000\040\000o\000u\000t\000p\000u\000t\000\040\000m\000u\000l\000t\000i\000p\000l\000i}{section.7.4}% 119
\BOOKMARK [0][-]{chapter.8}{\376\377\000K\000e\000r\000n\000e\000l\000\040\000M\000e\000t\000h\000o\000d\000s}{}% 120
\BOOKMARK [1][-]{section.8.1}{\376\377\000D\000a\000i\000\040\000m\000o\000d\000e\000l\000l\000i\000\040\000l\000i\000n\000e\000a\000r\000i\000\040\000a\000l\000l\000a\000\040\000f\000o\000r\000m\000u\000l\000a\000z\000i\000o\000n\000e\000\040\000d\000u\000a\000l\000e}{chapter.8}% 121
\BOOKMARK [1][-]{section.8.2}{\376\377\000G\000r\000a\000m\000\040\000m\000a\000t\000r\000i\000x\000\040\000e\000\040\000f\000o\000r\000m\000u\000l\000a\000z\000i\000o\000n\000e\000\040\000k\000e\000r\000n\000e\000l\000i\000z\000z\000a\000t\000a}{chapter.8}% 122
\BOOKMARK [1][-]{section.8.3}{\376\377\000K\000e\000r\000n\000e\000l\000\040\000f\000u\000n\000c\000t\000i\000o\000n\000s}{chapter.8}% 123
\BOOKMARK [2][-]{subsection.8.3.1}{\376\377\000K\000e\000r\000n\000e\000l\000\040\000t\000r\000i\000c\000k}{section.8.3}% 124
\BOOKMARK [2][-]{subsection.8.3.2}{\376\377\000E\000s\000e\000m\000p\000i\000o\000:\000\040\000a\000p\000p\000l\000i\000c\000a\000z\000i\000o\000n\000e\000\040\000c\000o\000n\000c\000r\000e\000t\000a\000\040\000d\000e\000l\000\040\000k\000e\000r\000n\000e\000l\000\040\000t\000r\000i\000c\000k}{section.8.3}% 125
\BOOKMARK [1][-]{section.8.4}{\376\377\000F\000a\000m\000i\000g\000l\000i\000e\000\040\000d\000i\000\040\000k\000e\000r\000n\000e\000l}{chapter.8}% 126
\BOOKMARK [1][-]{section.8.5}{\376\377\000K\000e\000r\000n\000e\000l\000i\000z\000e\000d\000\040\000S\000V\000M}{chapter.8}% 127
\BOOKMARK [2][-]{subsection.8.5.1}{\376\377\000K\000e\000r\000n\000e\000l\000i\000z\000e\000d\000\040\000S\000V\000M\000\040\000p\000e\000r\000\040\000l\000a\000\040\000r\000e\000g\000r\000e\000s\000s\000i\000o\000n\000e}{section.8.5}% 128
\BOOKMARK [0][-]{chapter.9}{\376\377\000I\000n\000s\000t\000a\000n\000c\000e\000\040\000B\000a\000s\000e\000d}{}% 129
\BOOKMARK [1][-]{section.9.1}{\376\377\000K\000-\000N\000e\000a\000r\000e\000s\000t\000\040\000N\000e\000i\000g\000h\000b\000o\000r\000s\000:\000\040\000i\000n\000t\000e\000r\000p\000r\000e\000t\000a\000z\000i\000o\000n\000e\000\040\000g\000e\000o\000m\000e\000t\000r\000i\000c\000a}{chapter.9}% 130
\BOOKMARK [2][-]{subsection.9.1.1}{\376\377\000E\000f\000f\000e\000t\000t\000o\000\040\000d\000e\000l\000\040\000p\000a\000r\000a\000m\000e\000t\000r\000o\000\040\000K\000\040\000s\000u\000l\000l\000e\000\040\000r\000e\000g\000i\000o\000n\000i\000\040\000d\000i\000\040\000d\000e\000c\000i\000s\000i\000o\000n\000e}{section.9.1}% 131
\BOOKMARK [1][-]{section.9.2}{\376\377\000K\000e\000r\000n\000e\000l\000i\000z\000e\000d\000\040\000N\000e\000a\000r\000e\000s\000t\000\040\000N\000e\000i\000g\000h\000b\000o\000r\000s}{chapter.9}% 132
\BOOKMARK [1][-]{section.9.3}{\376\377\000L\000o\000c\000a\000l\000l\000y\000\040\000W\000e\000i\000g\000h\000t\000e\000d\000\040\000R\000e\000g\000r\000e\000s\000s\000i\000o\000n}{chapter.9}% 133
\BOOKMARK [0][-]{chapter.10}{\376\377\000M\000u\000l\000t\000i\000p\000l\000e\000\040\000L\000e\000a\000r\000n\000e\000r\000s}{}% 134
\BOOKMARK [1][-]{section.10.1}{\376\377\000V\000o\000t\000i\000n\000g}{chapter.10}% 135
\BOOKMARK [1][-]{section.10.2}{\376\377\000M\000i\000x\000t\000u\000r\000e\000\040\000o\000f\000\040\000E\000x\000p\000e\000r\000t\000s}{chapter.10}% 136
\BOOKMARK [1][-]{section.10.3}{\376\377\000S\000t\000a\000c\000k\000i\000n\000g}{chapter.10}% 137
\BOOKMARK [1][-]{section.10.4}{\376\377\000C\000a\000s\000c\000a\000d\000i\000n\000g}{chapter.10}% 138
\BOOKMARK [1][-]{section.10.5}{\376\377\000B\000a\000g\000g\000i\000n\000g}{chapter.10}% 139
\BOOKMARK [1][-]{section.10.6}{\376\377\000B\000o\000o\000s\000t\000i\000n\000g}{chapter.10}% 140
\BOOKMARK [2][-]{subsection.10.6.1}{\376\377\000A\000d\000a\000B\000o\000o\000s\000t}{section.10.6}% 141
\BOOKMARK [0][-]{chapter.11}{\376\377\000A\000r\000t\000i\000f\000i\000c\000i\000a\000l\000\040\000N\000e\000u\000r\000a\000l\000\040\000N\000e\000t\000w\000o\000r\000k\000s}{}% 142
\BOOKMARK [1][-]{section.11.1}{\376\377\000F\000e\000e\000d\000f\000o\000r\000w\000a\000r\000d\000\040\000N\000e\000u\000r\000a\000l\000\040\000N\000e\000t\000w\000o\000r\000k\000s}{chapter.11}% 143
\BOOKMARK [2][-]{subsection.11.1.1}{\376\377\000P\000e\000r\000c\000h\000\351\000\040\000l\000e\000\040\000F\000N\000N}{section.11.1}% 144
\BOOKMARK [2][-]{subsection.11.1.2}{\376\377\000A\000r\000c\000h\000i\000t\000e\000t\000t\000u\000r\000a\000\040\000d\000e\000l\000l\000e\000\040\000F\000e\000e\000d\000f\000o\000r\000w\000a\000r\000d\000\040\000N\000e\000u\000r\000a\000l\000\040\000N\000e\000t\000w\000o\000r\000k\000s}{section.11.1}% 145
\BOOKMARK [1][-]{section.11.2}{\376\377\000P\000r\000o\000f\000o\000n\000d\000i\000t\000\340\000\040\000e\000\040\000T\000e\000o\000r\000e\000m\000a\000\040\000d\000i\000\040\000A\000p\000p\000r\000o\000s\000s\000i\000m\000a\000z\000i\000o\000n\000e\000\040\000U\000n\000i\000v\000e\000r\000s\000a\000l\000e}{chapter.11}% 146
\BOOKMARK [1][-]{section.11.3}{\376\377\000F\000u\000n\000z\000i\000o\000n\000i\000\040\000d\000i\000\040\000a\000t\000t\000i\000v\000a\000z\000i\000o\000n\000e\000\040\000e\000\040\000f\000u\000n\000z\000i\000o\000n\000e\000\040\000d\000i\000\040\000c\000o\000s\000t\000o}{chapter.11}% 147
\BOOKMARK [2][-]{subsection.11.3.1}{\376\377\000F\000u\000n\000z\000i\000o\000n\000i\000\040\000d\000i\000\040\000a\000t\000t\000i\000v\000a\000z\000i\000o\000n\000e\000\040\000d\000e\000l\000l\040\031\000o\000u\000t\000p\000u\000t\000\040\000l\000a\000y\000e\000r}{section.11.3}% 148
\BOOKMARK [2][-]{subsection.11.3.2}{\376\377\000F\000u\000n\000z\000i\000o\000n\000i\000\040\000d\000i\000\040\000a\000t\000t\000i\000v\000a\000z\000i\000o\000n\000e\000\040\000n\000e\000l\000l\000'\000h\000i\000d\000d\000e\000n\000\040\000l\000a\000y\000e\000r}{section.11.3}% 149
\BOOKMARK [2][-]{subsection.11.3.3}{\376\377\000L\000o\000s\000s\000\040\000f\000u\000n\000c\000t\000i\000o\000n\000\040\000e\000\040\000p\000r\000i\000n\000c\000i\000p\000i\000o\000\040\000d\000i\000\040\000m\000a\000s\000s\000i\000m\000a\000\040\000v\000e\000r\000o\000s\000i\000m\000i\000g\000l\000i\000a\000n\000z\000a}{section.11.3}% 150
\BOOKMARK [1][-]{section.11.4}{\376\377\000C\000a\000l\000c\000o\000l\000o\000\040\000d\000e\000l\000\040\000g\000r\000a\000d\000i\000e\000n\000t\000e}{chapter.11}% 151
\BOOKMARK [1][-]{section.11.5}{\376\377\000\040\000B\000a\000c\000k\000-\000p\000r\000o\000p\000a\000g\000a\000t\000i\000o\000n}{chapter.11}% 152
\BOOKMARK [2][-]{subsection.11.5.1}{\376\377\000C\000o\000m\000e\000\040\000s\000i\000\040\000a\000p\000p\000l\000i\000c\000a\000\040\000o\000p\000e\000r\000a\000t\000i\000v\000a\000m\000e\000n\000t\000e}{section.11.5}% 153
\BOOKMARK [2][-]{subsection.11.5.2}{\376\377\000P\000e\000r\000c\000h\000\351\000\040\000\350\000\040\000e\000f\000f\000i\000c\000i\000e\000n\000t\000e}{section.11.5}% 154
\BOOKMARK [1][-]{section.11.6}{\376\377\000S\000t\000o\000c\000h\000a\000s\000t\000i\000c\000\040\000G\000r\000a\000d\000i\000e\000n\000t\000\040\000D\000e\000s\000c\000e\000n\000t}{chapter.11}% 155
\BOOKMARK [2][-]{subsection.11.6.1}{\376\377\000I\000d\000e\000a\000\040\000d\000i\000\040\000b\000a\000s\000e}{section.11.6}% 156
\BOOKMARK [2][-]{subsection.11.6.2}{\376\377\000S\000G\000D\000\040\000c\000o\000n\000\040\000m\000o\000m\000e\000n\000t\000u\000m}{section.11.6}% 157
\BOOKMARK [1][-]{section.11.7}{\376\377\000M\000e\000t\000o\000d\000i\000\040\000d\000i\000\040\000r\000e\000g\000o\000l\000a\000r\000i\000z\000z\000a\000z\000i\000o\000n\000e}{chapter.11}% 158
\BOOKMARK [2][-]{subsection.11.7.1}{\376\377\000R\000e\000g\000o\000l\000a\000r\000i\000z\000z\000a\000z\000i\000o\000n\000e\000\040\000d\000e\000i\000\040\000p\000a\000r\000a\000m\000e\000t\000r\000i}{section.11.7}% 159
\BOOKMARK [2][-]{subsection.11.7.2}{\376\377\000D\000a\000t\000a\000s\000e\000t\000\040\000a\000u\000g\000m\000e\000n\000t\000a\000t\000i\000o\000n}{section.11.7}% 160
\BOOKMARK [2][-]{subsection.11.7.3}{\376\377\000P\000a\000r\000a\000m\000e\000t\000e\000r\000\040\000s\000h\000a\000r\000i\000n\000g}{section.11.7}% 161
\BOOKMARK [2][-]{subsection.11.7.4}{\376\377\000E\000a\000r\000l\000y\000\040\000s\000t\000o\000p\000p\000i\000n\000g}{section.11.7}% 162
\BOOKMARK [2][-]{subsection.11.7.5}{\376\377\000D\000r\000o\000p\000o\000u\000t}{section.11.7}% 163
\BOOKMARK [0][-]{chapter.12}{\376\377\000C\000o\000n\000v\000o\000l\000u\000t\000i\000o\000n\000a\000l\000\040\000N\000e\000u\000r\000a\000l\000\040\000N\000e\000t\000w\000o\000r\000k\000s}{}% 164
\BOOKMARK [1][-]{section.12.1}{\376\377\000M\000o\000t\000i\000v\000a\000z\000i\000o\000n\000i}{chapter.12}% 165
\BOOKMARK [1][-]{section.12.2}{\376\377\000R\000i\000c\000h\000i\000a\000m\000o\000\040\000a\000l\000l\000a\000\040\000c\000o\000n\000v\000o\000l\000u\000z\000i\000o\000n\000e}{chapter.12}% 166
\BOOKMARK [2][-]{subsection.12.2.1}{\376\377\000C\000r\000o\000s\000s\000-\000c\000o\000r\000r\000e\000l\000a\000z\000i\000o\000n\000e}{section.12.2}% 167
\BOOKMARK [2][-]{subsection.12.2.2}{\376\377\000I\000l\000\040\000k\000e\000r\000n\000e\000l}{section.12.2}% 168
\BOOKMARK [2][-]{subsection.12.2.3}{\376\377\000L\000a\000\040\000f\000e\000a\000t\000u\000r\000e\000\040\000m\000a\000p}{section.12.2}% 169
\BOOKMARK [1][-]{section.12.3}{\376\377\000C\000o\000n\000v\000o\000l\000u\000t\000i\000o\000n\000a\000l\000\040\000N\000e\000u\000r\000a\000l\000\040\000N\000e\000t\000w\000o\000r\000k\000s}{chapter.12}% 170
\BOOKMARK [1][-]{section.12.4}{\376\377\000C\000o\000n\000v\000o\000l\000u\000t\000i\000o\000n\000a\000l\000\040\000l\000a\000y\000e\000r}{chapter.12}% 171
\BOOKMARK [2][-]{subsection.12.4.1}{\376\377\000C\000o\000n\000v\000o\000l\000u\000t\000i\000o\000n\000\040\000s\000t\000a\000g\000e}{section.12.4}% 172
\BOOKMARK [2][-]{subsection.12.4.2}{\376\377\000D\000e\000t\000e\000c\000t\000o\000r\000\040\000s\000t\000a\000g\000e}{section.12.4}% 173
\BOOKMARK [2][-]{subsection.12.4.3}{\376\377\000P\000o\000o\000l\000i\000n\000g\000\040\000s\000t\000a\000g\000e}{section.12.4}% 174
\BOOKMARK [2][-]{subsection.12.4.4}{\376\377\000D\000i\000m\000e\000n\000s\000i\000o\000n\000e\000\040\000d\000e\000l\000l\000e\000\040\000f\000e\000a\000t\000u\000r\000e\000\040\000m\000a\000p\000\040\000e\000\040\000n\000u\000m\000e\000r\000o\000\040\000d\000i\000\040\000p\000a\000r\000a\000m\000e\000t\000r\000i}{section.12.4}% 175
\BOOKMARK [1][-]{section.12.5}{\376\377\000D\000i\000m\000e\000n\000s\000i\000o\000n\000e\000\040\000d\000e\000l\000l\000a\000\040\000f\000e\000a\000t\000u\000r\000e\000\040\000m\000a\000p\000\040\000d\000i\000\040\000o\000u\000t\000p\000u\000t}{chapter.12}% 176
\BOOKMARK [0][-]{chapter.13}{\376\377\000U\000n\000s\000u\000p\000e\000r\000v\000i\000s\000e\000d\000\040\000L\000e\000a\000r\000n\000i\000n\000g}{}% 177
\BOOKMARK [1][-]{subsection.13.0.1}{\376\377\000C\000l\000u\000s\000t\000e\000r}{chapter.13}% 178
\BOOKMARK [2][-]{subsection.13.0.2}{\376\377\000V\000a\000r\000i\000a\000b\000i\000l\000i\000\040\000l\000a\000t\000e\000n\000t\000i}{subsection.13.0.1}% 179
\BOOKMARK [1][-]{section.13.1}{\376\377\000G\000a\000u\000s\000s\000i\000a\000n\000\040\000M\000i\000x\000t\000u\000r\000e\000\040\000M\000o\000d\000e\000l\000s}{chapter.13}% 180
\BOOKMARK [2][-]{subsection.13.1.1}{\376\377\000G\000e\000n\000e\000r\000a\000z\000i\000o\000n\000e\000\040\000d\000e\000i\000\040\000d\000a\000t\000i\000\040\000c\000o\000n\000\040\000u\000n\000\040\000G\000a\000u\000s\000s\000i\000a\000n\000\040\000M\000i\000x\000t\000u\000r\000e\000\040\000M\000o\000d\000e\000l}{section.13.1}% 181
\BOOKMARK [2][-]{subsection.13.1.2}{\376\377\000I\000n\000t\000r\000o\000d\000u\000z\000i\000o\000n\000e\000\040\000f\000o\000r\000m\000a\000l\000e\000\040\000d\000e\000l\000l\000e\000\040\000v\000a\000r\000i\000a\000b\000i\000l\000i\000\040\000l\000a\000t\000e\000n\000t\000i\000\040\000n\000e\000l\000\040\000G\000M\000M}{section.13.1}% 182
\BOOKMARK [2][-]{subsection.13.1.3}{\376\377\000D\000i\000s\000t\000r\000i\000b\000u\000z\000i\000o\000n\000e\000\040\000a\000\040\000p\000r\000i\000o\000r\000i\000\040\000d\000e\000l\000l\000e\000\040\000v\000a\000r\000i\000a\000b\000i\000l\000i\000\040\000l\000a\000t\000e\000n\000t\000i}{section.13.1}% 183
\BOOKMARK [2][-]{subsection.13.1.4}{\376\377\000D\000i\000s\000t\000r\000i\000b\000u\000z\000i\000o\000n\000e\000\040\000c\000o\000n\000d\000i\000z\000i\000o\000n\000a\000t\000a\000\040\000d\000e\000i\000\040\000d\000a\000t\000i}{section.13.1}% 184
\BOOKMARK [2][-]{subsection.13.1.5}{\376\377\000D\000i\000s\000t\000r\000i\000b\000u\000z\000i\000o\000n\000e\000\040\000c\000o\000n\000g\000i\000u\000n\000t\000a\000\040\000e\000\040\000m\000a\000r\000g\000i\000n\000a\000l\000e}{section.13.1}% 185
\BOOKMARK [2][-]{subsection.13.1.6}{\376\377\000D\000i\000s\000t\000r\000i\000b\000u\000z\000i\000o\000n\000e\000\040\000a\000\040\000p\000o\000s\000t\000e\000r\000i\000o\000r\000i\000\040\000d\000e\000l\000l\000e\000\040\000v\000a\000r\000i\000a\000b\000i\000l\000i\000\040\000l\000a\000t\000e\000n\000t\000i}{section.13.1}% 186
\BOOKMARK [1][-]{section.13.2}{\376\377\000K\000-\000m\000e\000a\000n\000s\000\040\000C\000l\000u\000s\000t\000e\000r\000i\000n\000g}{chapter.13}% 187
\BOOKMARK [2][-]{subsection.13.2.1}{\376\377\000O\000b\000i\000e\000t\000t\000i\000v\000o\000\040\000d\000e\000l\000l\040\031\000a\000l\000g\000o\000r\000i\000t\000m\000o}{section.13.2}% 188
\BOOKMARK [2][-]{subsection.13.2.2}{\376\377\000A\000l\000g\000o\000r\000i\000t\000m\000o\000\040\000K\000-\000m\000e\000a\000n\000s}{section.13.2}% 189
\BOOKMARK [2][-]{subsection.13.2.3}{\376\377\000I\000n\000t\000e\000r\000p\000r\000e\000t\000a\000z\000i\000o\000n\000e\000\040\000g\000e\000o\000m\000e\000t\000r\000i\000c\000a}{section.13.2}% 190
\BOOKMARK [1][-]{section.13.3}{\376\377\000E\000x\000p\000e\000c\000t\000a\000t\000i\000o\000n\000\040\000M\000a\000x\000i\000m\000i\000z\000a\000t\000i\000o\000n\000\040\000\050\000E\000M\000\051}{chapter.13}% 191
\BOOKMARK [2][-]{subsection.13.3.1}{\376\377\000M\000a\000s\000s\000i\000m\000a\000\040\000v\000e\000r\000o\000s\000i\000m\000i\000g\000l\000i\000a\000n\000z\000a\000\040\000c\000o\000n\000\040\000v\000a\000r\000i\000a\000b\000i\000l\000i\000\040\000l\000a\000t\000e\000n\000t\000i}{section.13.3}% 192
\BOOKMARK [2][-]{subsection.13.3.2}{\376\377\000I\000d\000e\000a\000\040\000d\000e\000l\000l\040\031\000a\000l\000g\000o\000r\000i\000t\000m\000o\000\040\000E\000M}{section.13.3}% 193
\BOOKMARK [2][-]{subsection.13.3.3}{\376\377\000E\000-\000s\000t\000e\000p\000\040\000\050\000E\000x\000p\000e\000c\000t\000a\000t\000i\000o\000n\000\040\000s\000t\000e\000p\000\051}{section.13.3}% 194
\BOOKMARK [2][-]{subsection.13.3.4}{\376\377\000M\000-\000s\000t\000e\000p\000\040\000\050\000M\000a\000x\000i\000m\000i\000z\000a\000t\000i\000o\000n\000\040\000s\000t\000e\000p\000\051}{section.13.3}% 195
\BOOKMARK [2][-]{subsection.13.3.5}{\376\377\000A\000l\000g\000o\000r\000i\000t\000m\000o\000\040\000E\000M}{section.13.3}% 196
\BOOKMARK [2][-]{subsection.13.3.6}{\376\377\000R\000e\000l\000a\000z\000i\000o\000n\000e\000\040\000c\000o\000n\000\040\000K\000-\000m\000e\000a\000n\000s}{section.13.3}% 197
\BOOKMARK [2][-]{subsection.13.3.7}{\376\377\000I\000n\000t\000e\000r\000p\000r\000e\000t\000a\000z\000i\000o\000n\000e\000\040\000d\000e\000l\000l\040\031\000a\000l\000g\000o\000r\000i\000t\000m\000o\000\040\000E\000M}{section.13.3}% 198
\BOOKMARK [1][-]{section.13.4}{\376\377\000G\000e\000n\000e\000r\000a\000l\000\040\000E\000x\000p\000e\000c\000t\000a\000t\000i\000o\000n\000\040\000M\000a\000x\000i\000m\000i\000z\000a\000t\000i\000o\000n\000\040\000P\000r\000o\000b\000l\000e\000m}{chapter.13}% 199
\BOOKMARK [2][-]{subsection.13.4.1}{\376\377\000D\000e\000f\000i\000n\000i\000z\000i\000o\000n\000e\000\040\000d\000e\000l\000\040\000p\000r\000o\000b\000l\000e\000m\000a}{section.13.4}% 200
\BOOKMARK [2][-]{subsection.13.4.2}{\376\377\000F\000u\000n\000z\000i\000o\000n\000e\000\040\000a\000u\000s\000i\000l\000i\000a\000r\000i\000a\000\040\000Q}{section.13.4}% 201
\BOOKMARK [2][-]{subsection.13.4.3}{\376\377\000A\000l\000g\000o\000r\000i\000t\000m\000o\000\040\000E\000M\000\040\000g\000e\000n\000e\000r\000a\000l\000e}{section.13.4}% 202
\BOOKMARK [2][-]{subsection.13.4.4}{\376\377\000P\000r\000o\000p\000r\000i\000e\000t\000\340\000\040\000d\000e\000l\000l\040\031\000a\000l\000g\000o\000r\000i\000t\000m\000o\000\040\000E\000M}{section.13.4}% 203
\BOOKMARK [2][-]{subsection.13.4.5}{\376\377\000A\000p\000p\000l\000i\000c\000a\000z\000i\000o\000n\000i}{section.13.4}% 204
\BOOKMARK [0][-]{chapter.14}{\376\377\000D\000i\000m\000e\000n\000s\000i\000o\000n\000a\000l\000l\000y\000\040\000r\000e\000d\000u\000c\000t\000i\000o\000n}{}% 205
\BOOKMARK [1][-]{section.14.1}{\376\377\000V\000a\000r\000i\000a\000b\000i\000l\000i\000\040\000l\000a\000t\000e\000n\000t\000i}{chapter.14}% 206
\BOOKMARK [1][-]{section.14.2}{\376\377\000M\000a\000n\000i\000f\000o\000l\000d\000\040\000d\000e\000i\000\040\000d\000a\000t\000i}{chapter.14}% 207
\BOOKMARK [1][-]{section.14.3}{\376\377\000P\000r\000i\000n\000c\000i\000p\000a\000l\000\040\000C\000o\000m\000p\000o\000n\000e\000n\000t\000\040\000A\000n\000a\000l\000y\000s\000i\000s}{chapter.14}% 208
\BOOKMARK [2][-]{subsection.14.3.1}{\376\377\000C\000e\000n\000t\000r\000a\000t\000u\000r\000a\000\040\000d\000e\000i\000\040\000d\000a\000t\000i\000\040\000e\000\040\000m\000a\000t\000r\000i\000c\000e\000\040\000d\000i\000\040\000c\000o\000v\000a\000r\000i\000a\000n\000z\000a}{section.14.3}% 209
\BOOKMARK [2][-]{subsection.14.3.2}{\376\377\000M\000a\000s\000s\000i\000m\000i\000z\000z\000a\000z\000i\000o\000n\000e\000\040\000d\000e\000l\000l\000a\000\040\000v\000a\000r\000i\000a\000n\000z\000a}{section.14.3}% 210
\BOOKMARK [1][-]{section.14.4}{\376\377\000P\000C\000A\000\040\000c\000o\000m\000e\000\040\000m\000i\000n\000i\000m\000i\000z\000z\000a\000z\000i\000o\000n\000e\000\040\000d\000e\000l\000l\000'\000e\000r\000r\000o\000r\000e\000\040\000d\000i\000\040\000r\000i\000c\000o\000s\000t\000r\000u\000z\000i\000o\000n\000e}{chapter.14}% 211
\BOOKMARK [1][-]{section.14.5}{\376\377\000A\000l\000g\000o\000r\000i\000t\000m\000i\000\040\000p\000e\000r\000\040\000l\000a\000\040\000P\000C\000A}{chapter.14}% 212
\BOOKMARK [2][-]{subsection.14.5.1}{\376\377\000P\000C\000A\000\040\000p\000e\000r\000\040\000d\000a\000t\000i\000\040\000a\000d\000\040\000a\000l\000t\000a\000\040\000d\000i\000m\000e\000n\000s\000i\000o\000n\000a\000l\000i\000t\000\340}{section.14.5}% 213
\BOOKMARK [1][-]{section.14.6}{\376\377\000P\000r\000o\000b\000a\000b\000i\000l\000i\000s\000t\000i\000c\000\040\000P\000r\000i\000n\000c\000i\000p\000a\000l\000\040\000C\000o\000m\000p\000o\000n\000e\000n\000t\000\040\000A\000n\000a\000l\000y\000s\000i\000s}{chapter.14}% 214
\BOOKMARK [2][-]{subsection.14.6.1}{\376\377\000M\000a\000x\000i\000m\000u\000m\000\040\000L\000i\000k\000e\000l\000i\000h\000o\000o\000d\000\040\000P\000C\000A}{section.14.6}% 215
\BOOKMARK [2][-]{subsection.14.6.2}{\376\377\000S\000t\000i\000m\000a\000\040\000d\000e\000i\000\040\000p\000a\000r\000a\000m\000e\000t\000r\000i\000\040\000t\000r\000a\000m\000i\000t\000e\000\040\000a\000l\000g\000o\000r\000i\000t\000m\000o\000\040\000E\000M}{section.14.6}% 216
\BOOKMARK [1][-]{section.14.7}{\376\377\000A\000u\000t\000o\000e\000n\000c\000o\000d\000e\000r}{chapter.14}% 217
\BOOKMARK [2][-]{subsection.14.7.1}{\376\377\000B\000o\000t\000t\000l\000e\000n\000e\000c\000k\000\040\000e\000\040\000r\000a\000p\000p\000r\000e\000s\000e\000n\000t\000a\000z\000i\000o\000n\000e\000\040\000l\000a\000t\000e\000n\000t\000e}{section.14.7}% 218
\BOOKMARK [2][-]{subsection.14.7.2}{\376\377\000C\000o\000n\000v\000o\000l\000u\000t\000i\000o\000n\000a\000l\000\040\000A\000u\000t\000o\000e\000n\000c\000o\000d\000e\000r\000s}{section.14.7}% 219
\BOOKMARK [2][-]{subsection.14.7.3}{\376\377\000A\000u\000t\000o\000e\000n\000c\000o\000d\000e\000r\000\040\000p\000e\000r\000\040\000A\000n\000o\000m\000a\000l\000y\000\040\000D\000e\000t\000e\000c\000t\000i\000o\000n}{section.14.7}% 220
\BOOKMARK [1][-]{section.14.8}{\376\377\000V\000a\000r\000i\000a\000t\000i\000o\000n\000a\000l\000\040\000A\000u\000t\000o\000e\000n\000c\000o\000d\000e\000r\000s}{chapter.14}% 221
\BOOKMARK [2][-]{subsection.14.8.1}{\376\377\000P\000r\000o\000b\000l\000e\000m\000i\000\040\000d\000e\000i\000\040\000V\000A\000E\000\040\000e\000\040\000f\000u\000n\000z\000i\000o\000n\000e\000\040\000o\000b\000i\000e\000t\000t\000i\000v\000o}{section.14.8}% 222
\BOOKMARK [2][-]{subsection.14.8.2}{\376\377\000P\000r\000o\000b\000l\000e\000m\000i\000\040\000d\000e\000i\000\040\000V\000A\000E\000\040\000e\000\040\000f\000u\000n\000z\000i\000o\000n\000e\000\040\000o\000b\000i\000e\000t\000t\000i\000v\000o}{section.14.8}% 223
\BOOKMARK [2][-]{subsection.14.8.3}{\376\377\000R\000e\000p\000a\000r\000a\000m\000e\000t\000e\000r\000i\000z\000a\000t\000i\000o\000n\000\040\000T\000r\000i\000c\000k}{section.14.8}% 224
\BOOKMARK [1][-]{section.14.9}{\376\377\000G\000e\000n\000e\000r\000a\000t\000i\000v\000e\000\040\000A\000d\000v\000e\000r\000s\000a\000r\000i\000a\000l\000\040\000N\000e\000t\000w\000o\000r\000k\000s}{chapter.14}% 225
\BOOKMARK [2][-]{subsection.14.9.1}{\376\377\000A\000d\000d\000e\000s\000t\000r\000a\000m\000e\000n\000t\000o\000\040\000a\000v\000v\000e\000r\000s\000a\000r\000i\000o}{section.14.9}% 226
\BOOKMARK [2][-]{subsection.14.9.2}{\376\377\000S\000p\000a\000z\000i\000o\000\040\000l\000a\000t\000e\000n\000t\000e\000\040\000n\000e\000i\000\040\000G\000A\000N}{section.14.9}% 227
\BOOKMARK [2][-]{subsection.14.9.3}{\376\377\000V\000a\000n\000t\000a\000g\000g\000i\000\040\000e\000\040\000l\000i\000m\000i\000t\000i}{section.14.9}% 228
\BOOKMARK [0][-]{chapter.15}{\376\377\000R\000e\000i\000n\000f\000o\000r\000c\000e\000m\000e\000n\000t\000\040\000l\000e\000a\000r\000n\000i\000n\000g}{}% 229
\BOOKMARK [1][-]{section.15.1}{\376\377\000D\000y\000n\000a\000m\000i\000c\000\040\000S\000y\000s\000t\000e\000m\000s\000\040\000e\000\040\000P\000r\000o\000p\000r\000i\000e\000t\000\340\000\040\000d\000i\000\040\000M\000a\000r\000k\000o\000v}{chapter.15}% 230
\BOOKMARK [2][-]{subsection.15.1.1}{\376\377\000P\000r\000o\000p\000r\000i\000e\000t\000\340\000\040\000d\000i\000\040\000M\000a\000r\000k\000o\000v}{section.15.1}% 231
\BOOKMARK [1][-]{section.15.2}{\376\377\000M\000a\000r\000k\000o\000v\000\040\000D\000e\000c\000i\000s\000i\000o\000n\000\040\000P\000r\000o\000c\000e\000s\000s\000e\000s}{chapter.15}% 232
\BOOKMARK [2][-]{subsection.15.2.1}{\376\377\000M\000o\000d\000e\000l\000l\000o\000\040\000g\000r\000a\000f\000i\000c\000o}{section.15.2}% 233
\BOOKMARK [2][-]{subsection.15.2.2}{\376\377\000D\000e\000f\000i\000n\000i\000z\000i\000o\000n\000e\000\040\000f\000o\000r\000m\000a\000l\000e}{section.15.2}% 234
\BOOKMARK [1][-]{section.15.3}{\376\377\000M\000D\000P}{chapter.15}% 235
\BOOKMARK [2][-]{subsection.15.3.1}{\376\377\000M\000D\000P\000\040\000n\000o\000n\000\040\000d\000e\000t\000e\000r\000m\000i\000n\000i\000s\000t\000i\000c\000o}{section.15.3}% 236
\BOOKMARK [2][-]{subsection.15.3.2}{\376\377\000M\000D\000P\000\040\000s\000t\000o\000c\000a\000s\000t\000i\000c\000o}{section.15.3}% 237
\BOOKMARK [2][-]{subsection.15.3.3}{\376\377\000E\000s\000e\000m\000p\000i\000o\000\040\000d\000i\000\040\000M\000D\000P\000\040\000n\000o\000n\000\040\000d\000e\000t\000e\000r\000m\000i\000n\000i\000s\000t\000i\000c\000o\000:\000\040\000G\000r\000i\000d\000\040\000W\000o\000r\000l\000d}{section.15.3}% 238
\BOOKMARK [1][-]{section.15.4}{\376\377\000P\000o\000l\000i\000c\000y}{chapter.15}% 239
\BOOKMARK [2][-]{subsection.15.4.1}{\376\377\000F\000u\000n\000z\000i\000o\000n\000e\000\040\000v\000a\000l\000o\000r\000e}{section.15.4}% 240
\BOOKMARK [2][-]{subsection.15.4.2}{\376\377\000P\000o\000l\000i\000c\000y\000\040\000o\000t\000t\000i\000m\000a}{section.15.4}% 241
\BOOKMARK [1][-]{section.15.5}{\376\377\000E\000q\000u\000a\000z\000i\000o\000n\000e\000\040\000d\000i\000\040\000B\000e\000l\000l\000m\000a\000n}{chapter.15}% 242
\BOOKMARK [2][-]{subsection.15.5.1}{\376\377\000E\000q\000u\000a\000z\000i\000o\000n\000e\000\040\000d\000i\000\040\000B\000e\000l\000l\000m\000a\000n\000\040\000p\000e\000r\000\040\000u\000n\000a\000\040\000p\000o\000l\000i\000c\000y}{section.15.5}% 243
\BOOKMARK [2][-]{subsection.15.5.2}{\376\377\000E\000q\000u\000a\000z\000i\000o\000n\000e\000\040\000d\000i\000\040\000B\000e\000l\000l\000m\000a\000n\000\040\000p\000e\000r\000\040\000i\000l\000\040\000v\000a\000l\000o\000r\000e\000\040\000o\000t\000t\000i\000m\000o}{section.15.5}% 244
\BOOKMARK [1][-]{section.15.6}{\376\377\000O\000n\000e\000-\000S\000t\000a\000t\000e\000\040\000M\000a\000r\000k\000o\000v\000\040\000D\000e\000c\000i\000s\000i\000o\000n\000\040\000P\000r\000o\000c\000e\000s\000s}{chapter.15}% 245
\BOOKMARK [2][-]{subsection.15.6.1}{\376\377\000P\000o\000l\000i\000c\000y\000\040\000o\000t\000t\000i\000m\000a}{section.15.6}% 246
\BOOKMARK [1][-]{section.15.7}{\376\377\000Q\000-\000f\000u\000n\000c\000t\000i\000o\000n}{chapter.15}% 247
\BOOKMARK [1][-]{section.15.8}{\376\377\000Q\000-\000l\000e\000a\000r\000n\000i\000n\000g\000\040\000e\000\040\000a\000p\000p\000r\000e\000n\000d\000i\000m\000e\000n\000t\000o\000\040\000s\000e\000n\000z\000a\000\040\000m\000o\000d\000e\000l\000l\000o}{chapter.15}% 248
\BOOKMARK [2][-]{subsection.15.8.1}{\376\377\000R\000e\000g\000o\000l\000a\000\040\000d\000i\000\040\000a\000g\000g\000i\000o\000r\000n\000a\000m\000e\000n\000t\000o}{section.15.8}% 249
\BOOKMARK [2][-]{subsection.15.8.2}{\376\377\000A\000c\000t\000i\000o\000n\000\040\000s\000e\000l\000e\000c\000t\000i\000o\000n\000:\000\040\000e\000x\000p\000l\000o\000r\000a\000t\000i\000o\000n\000\040\000v\000s\000\040\000e\000x\000p\000l\000o\000i\000t\000a\000t\000i\000o\000n}{section.15.8}% 250
\BOOKMARK [2][-]{subsection.15.8.3}{\376\377\000E\000s\000e\000m\000p\000i\000o\000:\000\040\000S\000l\000o\000t\000\040\000M\000a\000c\000h\000i\000n\000e\000\040\000e\000\040\000k\000-\000A\000r\000m\000e\000d\000\040\000B\000a\000n\000d\000i\000t}{section.15.8}% 251
\BOOKMARK [2][-]{subsection.15.8.4}{\376\377\000P\000r\000o\000b\000l\000e\000m\000a\000\040\000e\000\040\000c\000o\000n\000c\000e\000t\000t\000o\000\040\000d\000i\000\040\000s\000o\000l\000u\000z\000i\000o\000n\000e}{section.15.8}% 252
\BOOKMARK [1][-]{section.15.9}{\376\377\000A\000l\000t\000r\000i\000\040\000a\000l\000g\000o\000r\000i\000t\000m\000i\000\040\000d\000i\000\040\000r\000e\000i\000n\000f\000o\000r\000c\000e\000m\000e\000n\000t\000\040\000l\000e\000a\000r\000n\000i\000n\000g}{chapter.15}% 253
